Initialized native services in: /Users/jburbridge/.gradle/native
Initialized jansi services in: /Users/jburbridge/.gradle/native
The client will now receive all logging from the daemon (pid: 52893). The daemon log file: /Users/jburbridge/.gradle/daemon/9.0.0/daemon-52893.out.log
Starting 86th build in daemon [uptime: 4 hrs 20 mins 19.94 secs, performance: 99%, GC rate: 0.00/s, heap usage: 0% of 4 GiB, non-heap usage: 34% of 1 GiB]
Using 4 worker leases.
Now considering [/Users/jburbridge/Projects/cycletime] as hierarchies to watch
The Git repository is dirty. (Check: false)
Changes: untracked
Reusing configuration cache.
Now considering [/Users/jburbridge/Projects/cycletime] as hierarchies to watch
Watching the file system is configured to be enabled
File system watching is active
Using local directory build cache for the root build (location = /Users/jburbridge/.gradle/caches/build-cache-1, remove unused entries = after 7 days).
Tasks to be executed: [task ':checkKotlinGradlePluginConfigurationErrors', task ':compileKotlin', task ':compileJava', task ':processResources', task ':classes', task ':jar', task ':compileTestKotlin', task ':compileTestJava', task ':koverFindJar', task ':processTestResources', task ':testClasses', task ':test']
Tasks that were excluded: []
Resolve mutations for :checkKotlinGradlePluginConfigurationErrors (Thread[#4520,Execution worker,5,main]) started.
Resolve mutations for :processResources (Thread[#4521,Execution worker Thread 2,5,main]) started.
Resolve mutations for :koverFindJar (Thread[#4519,included builds,5,main]) started.
Resolve mutations for :processTestResources (Thread[#4522,Execution worker Thread 3,5,main]) started.
:checkKotlinGradlePluginConfigurationErrors (Thread[#4520,Execution worker,5,main]) started.
:processTestResources (Thread[#4522,Execution worker Thread 3,5,main]) started.
:processResources (Thread[#4519,included builds,5,main]) started.
:koverFindJar (Thread[#4521,Execution worker Thread 2,5,main]) started.

> Task :checkKotlinGradlePluginConfigurationErrors SKIPPED
Skipping task ':checkKotlinGradlePluginConfigurationErrors' as task onlyIf 'errorDiagnostics are present' is false.
Resolve mutations for :compileKotlin (Thread[#4520,Execution worker,5,main]) started.
:compileKotlin (Thread[#4520,Execution worker,5,main]) started.

> Task :processTestResources NO-SOURCE
Skipping task ':processTestResources' as it has no source files and no previous output files.

> Task :processResources UP-TO-DATE
Build cache key for task ':processResources' is 37bc003a0af1e5dfbc26e7ce39457b17
Skipping task ':processResources' as it is up-to-date.

> Task :koverFindJar UP-TO-DATE
Build cache key for task ':koverFindJar' is b12300f2810d528f16f03b8a67cd30d5
Skipping task ':koverFindJar' as it is up-to-date.

> Task :compileKotlin UP-TO-DATE
file or directory '/Users/jburbridge/Projects/cycletime/src/main/java', not found
Build cache key for task ':compileKotlin' is 123191ff3e42f758fcbf8e9841d502b5
Skipping task ':compileKotlin' as it is up-to-date.
Resolve mutations for :compileJava (Thread[#4520,Execution worker,5,main]) started.
:compileJava (Thread[#4520,Execution worker,5,main]) started.

> Task :compileJava NO-SOURCE
Skipping task ':compileJava' as it has no source files and no previous output files.
Resolve mutations for :classes (Thread[#4520,Execution worker,5,main]) started.
:classes (Thread[#4520,Execution worker,5,main]) started.

> Task :classes UP-TO-DATE
Skipping task ':classes' as it has no actions.
Resolve mutations for :jar (Thread[#4520,Execution worker,5,main]) started.
:jar (Thread[#4520,Execution worker,5,main]) started.

> Task :jar UP-TO-DATE
Build cache key for task ':jar' is 36c9320d67f12c823cb505321b40cd4a
Skipping task ':jar' as it is up-to-date.
Resolve mutations for :compileTestKotlin (Thread[#4520,Execution worker,5,main]) started.
:compileTestKotlin (Thread[#4520,Execution worker,5,main]) started.

> Task :compileTestKotlin UP-TO-DATE
file or directory '/Users/jburbridge/Projects/cycletime/src/test/java', not found
Build cache key for task ':compileTestKotlin' is 9fbaca5fbafc9bd89011977df2712b23
Skipping task ':compileTestKotlin' as it is up-to-date.
Resolve mutations for :compileTestJava (Thread[#4520,Execution worker,5,main]) started.
:compileTestJava (Thread[#4520,Execution worker,5,main]) started.

> Task :compileTestJava NO-SOURCE
Skipping task ':compileTestJava' as it has no source files and no previous output files.
Resolve mutations for :testClasses (Thread[#4520,Execution worker,5,main]) started.
:testClasses (Thread[#4520,Execution worker,5,main]) started.

> Task :testClasses UP-TO-DATE
Skipping task ':testClasses' as it has no actions.
Resolve mutations for :test (Thread[#4520,Execution worker,5,main]) started.
:test (Thread[#4520,Execution worker,5,main]) started.

> Task :test UP-TO-DATE
Build cache key for task ':test' is 6114db65d5e4e5afef71b18b8d7b34aa
Skipping task ':test' as it is up-to-date.

15 problems were found reusing the configuration cache, 9 of which seem unique.
- Task `:compileJava` of type `org.gradle.api.tasks.compile.JavaCompile`: invocation of 'Task.project' at execution time is unsupported with the configuration cache.
  See https://docs.gradle.org/9.0.0/userguide/configuration_cache_requirements.html#config_cache:requirements:use_project_during_execution
- Task `:compileKotlin` of type `org.jetbrains.kotlin.gradle.tasks.KotlinCompile`: invocation of 'Task.project' at execution time is unsupported with the configuration cache.
  See https://docs.gradle.org/9.0.0/userguide/configuration_cache_requirements.html#config_cache:requirements:use_project_during_execution
- Task `:compileTestJava` of type `org.gradle.api.tasks.compile.JavaCompile`: invocation of 'Task.project' at execution time is unsupported with the configuration cache.
  See https://docs.gradle.org/9.0.0/userguide/configuration_cache_requirements.html#config_cache:requirements:use_project_during_execution
- Task `:compileTestKotlin` of type `org.jetbrains.kotlin.gradle.tasks.KotlinCompile`: invocation of 'Task.project' at execution time is unsupported with the configuration cache.
  See https://docs.gradle.org/9.0.0/userguide/configuration_cache_requirements.html#config_cache:requirements:use_project_during_execution
- Task `:jar` of type `org.gradle.api.tasks.bundling.Jar`: invocation of 'Task.project' at execution time is unsupported with the configuration cache.
  See https://docs.gradle.org/9.0.0/userguide/configuration_cache_requirements.html#config_cache:requirements:use_project_during_execution
- Task `:koverFindJar` of type `kotlinx.kover.gradle.plugin.tasks.services.KoverAgentJarTask`: invocation of 'Task.project' at execution time is unsupported with the configuration cache.
  See https://docs.gradle.org/9.0.0/userguide/configuration_cache_requirements.html#config_cache:requirements:use_project_during_execution
- Task `:processResources` of type `org.gradle.language.jvm.tasks.ProcessResources`: invocation of 'Task.project' at execution time is unsupported with the configuration cache.
  See https://docs.gradle.org/9.0.0/userguide/configuration_cache_requirements.html#config_cache:requirements:use_project_during_execution
- Task `:processTestResources` of type `org.gradle.language.jvm.tasks.ProcessResources`: invocation of 'Task.project' at execution time is unsupported with the configuration cache.
  See https://docs.gradle.org/9.0.0/userguide/configuration_cache_requirements.html#config_cache:requirements:use_project_during_execution
- Task `:test` of type `org.gradle.api.tasks.testing.Test`: invocation of 'Task.project' at execution time is unsupported with the configuration cache.
  See https://docs.gradle.org/9.0.0/userguide/configuration_cache_requirements.html#config_cache:requirements:use_project_during_execution

See the complete report at file:///Users/jburbridge/Projects/cycletime/build/reports/configuration-cache/6yvrqehm9e8gwgue9dwxm0mhj/1fdkf6a3wjlpajl6qhm7ymopd/configuration-cache-report.html

[Incubating] Problems report is available at: file:///Users/jburbridge/Projects/cycletime/build/reports/problems/problems-report.html

BUILD SUCCESSFUL in 476ms
6 actionable tasks: 6 up-to-date
Watched directory hierarchies: [/Users/jburbridge/Projects/cycletime]
Configuration cache entry reused with 15 problems.
Configuration Cache (/Users/jburbridge/Projects/cycletime/.gradle/configuration-cache) removing files not accessed on or after Mon Sep 01 14:26:15 PDT 2025.
Configuration Cache (/Users/jburbridge/Projects/cycletime/.gradle/configuration-cache) cleanup deleted 0 files/directories.
Configuration Cache (/Users/jburbridge/Projects/cycletime/.gradle/configuration-cache) cleaned up in 0.013 secs.
