To honour the JVM settings for this build a single-use Daemon process will be forked. For more on this, please refer to https://docs.gradle.org/9.0.0/userguide/gradle_daemon.html#sec:disabling_the_daemon in the Gradle documentation.
Daemon will be stopped at the end of the build 
Calculating task graph as no cached configuration is available for tasks: test --tests IssueRoutesTest --tests ProjectRoutesTest
> Task :checkKotlinGradlePluginConfigurationErrors SKIPPED
> Task :processTestResources UP-TO-DATE
> Task :processResources UP-TO-DATE
> Task :koverFindJar UP-TO-DATE
> Task :compileKotlin UP-TO-DATE
> Task :compileJava NO-SOURCE
> Task :classes UP-TO-DATE
> Task :jar

> Task :compileTestKotlin
w: file:///Users/jburbridge/Projects/cycletime/src/test/kotlin/io/spiralhouse/cycletime/infrastructure/di/modules/test/TestSupport.kt:113:21 'fun createMissingTablesAndColumns(vararg tables: Table, inBatch: Boolean = ..., withLogs: Boolean = ...): Unit' is deprecated. Execution of this function might lead to unpredictable state in the database if a failure occurs at any point. To prevent this, please use `MigrationUtils.statementsRequiredForDatabaseMigration` with a third-party migration tool (e.g., Flyway).
w: file:///Users/jburbridge/Projects/cycletime/src/test/kotlin/io/spiralhouse/cycletime/integration/MCPEndToEndTest.kt:97:26 This is a delicate API and its use requires care. Make sure you fully read and understand documentation of the declaration that is marked as a delicate API.
w: file:///Users/jburbridge/Projects/cycletime/src/test/kotlin/io/spiralhouse/cycletime/integration/MCPEndToEndTest.kt:343:26 This is a delicate API and its use requires care. Make sure you fully read and understand documentation of the declaration that is marked as a delicate API.
w: file:///Users/jburbridge/Projects/cycletime/src/test/kotlin/io/spiralhouse/cycletime/integration/concurrency/ConnectionPoolConcurrencyTest.kt:70:25 'fun createMissingTablesAndColumns(vararg tables: Table, inBatch: Boolean = ..., withLogs: Boolean = ...): Unit' is deprecated. Execution of this function might lead to unpredictable state in the database if a failure occurs at any point. To prevent this, please use `MigrationUtils.statementsRequiredForDatabaseMigration` with a third-party migration tool (e.g., Flyway).
w: file:///Users/jburbridge/Projects/cycletime/src/test/kotlin/io/spiralhouse/cycletime/integration/concurrency/ConnectionPoolConcurrencyTest.kt:80:25 'fun createMissingTablesAndColumns(vararg tables: Table, inBatch: Boolean = ..., withLogs: Boolean = ...): Unit' is deprecated. Execution of this function might lead to unpredictable state in the database if a failure occurs at any point. To prevent this, please use `MigrationUtils.statementsRequiredForDatabaseMigration` with a third-party migration tool (e.g., Flyway).
w: file:///Users/jburbridge/Projects/cycletime/src/test/kotlin/io/spiralhouse/cycletime/integration/concurrency/RepositoryConcurrencyTest.kt:82:25 'fun createMissingTablesAndColumns(vararg tables: Table, inBatch: Boolean = ..., withLogs: Boolean = ...): Unit' is deprecated. Execution of this function might lead to unpredictable state in the database if a failure occurs at any point. To prevent this, please use `MigrationUtils.statementsRequiredForDatabaseMigration` with a third-party migration tool (e.g., Flyway).
w: file:///Users/jburbridge/Projects/cycletime/src/test/kotlin/io/spiralhouse/cycletime/integration/concurrency/RepositoryConcurrencyTest.kt:96:25 'fun createMissingTablesAndColumns(vararg tables: Table, inBatch: Boolean = ..., withLogs: Boolean = ...): Unit' is deprecated. Execution of this function might lead to unpredictable state in the database if a failure occurs at any point. To prevent this, please use `MigrationUtils.statementsRequiredForDatabaseMigration` with a third-party migration tool (e.g., Flyway).
w: file:///Users/jburbridge/Projects/cycletime/src/test/kotlin/io/spiralhouse/cycletime/integration/concurrency/TransactionIsolationConcurrencyTest.kt:70:25 'fun createMissingTablesAndColumns(vararg tables: Table, inBatch: Boolean = ..., withLogs: Boolean = ...): Unit' is deprecated. Execution of this function might lead to unpredictable state in the database if a failure occurs at any point. To prevent this, please use `MigrationUtils.statementsRequiredForDatabaseMigration` with a third-party migration tool (e.g., Flyway).
w: file:///Users/jburbridge/Projects/cycletime/src/test/kotlin/io/spiralhouse/cycletime/integration/concurrency/TransactionIsolationConcurrencyTest.kt:82:25 'fun createMissingTablesAndColumns(vararg tables: Table, inBatch: Boolean = ..., withLogs: Boolean = ...): Unit' is deprecated. Execution of this function might lead to unpredictable state in the database if a failure occurs at any point. To prevent this, please use `MigrationUtils.statementsRequiredForDatabaseMigration` with a third-party migration tool (e.g., Flyway).
w: file:///Users/jburbridge/Projects/cycletime/src/test/kotlin/io/spiralhouse/cycletime/mcp/integration/MCPServerIntegrationTest.kt:192:17 'suspend fun <T> eventually(duration: Duration, f: suspend () -> T): T' is deprecated. Replaced with the io.kotest.assertions.nondeterministic utils. Deprecated in 5.7.
w: file:///Users/jburbridge/Projects/cycletime/src/test/kotlin/io/spiralhouse/cycletime/mcp/integration/MCPServerIntegrationTest.kt:265:17 'suspend fun <T> eventually(duration: Duration, f: suspend () -> T): T' is deprecated. Replaced with the io.kotest.assertions.nondeterministic utils. Deprecated in 5.7.
w: file:///Users/jburbridge/Projects/cycletime/src/test/kotlin/io/spiralhouse/cycletime/mcp/integration/MCPServerIntegrationTest.kt:275:17 'suspend fun <T> eventually(duration: Duration, f: suspend () -> T): T' is deprecated. Replaced with the io.kotest.assertions.nondeterministic utils. Deprecated in 5.7.
w: file:///Users/jburbridge/Projects/cycletime/src/test/kotlin/io/spiralhouse/cycletime/mcp/integration/MCPServerIntegrationTest.kt:286:17 'suspend fun <T> eventually(duration: Duration, f: suspend () -> T): T' is deprecated. Replaced with the io.kotest.assertions.nondeterministic utils. Deprecated in 5.7.
w: file:///Users/jburbridge/Projects/cycletime/src/test/kotlin/io/spiralhouse/cycletime/mcp/integration/ResourceAccessIntegrationTest.kt:355:17 'suspend fun <T> eventually(duration: Duration, f: suspend () -> T): T' is deprecated. Replaced with the io.kotest.assertions.nondeterministic utils. Deprecated in 5.7.

> Task :compileTestJava NO-SOURCE
> Task :testClasses UP-TO-DATE

> Task :test FAILED
🧪 Test parallelism: 4 threads for 12 CPU cores

16 problems were found storing the configuration cache, 9 of which seem unique.
- Task `:compileJava` of type `org.gradle.api.tasks.compile.JavaCompile`: invocation of 'Task.project' at execution time is unsupported with the configuration cache.
  See https://docs.gradle.org/9.0.0/userguide/configuration_cache_requirements.html#config_cache:requirements:use_project_during_execution
- Task `:compileKotlin` of type `org.jetbrains.kotlin.gradle.tasks.KotlinCompile`: invocation of 'Task.project' at execution time is unsupported with the configuration cache.
  See https://docs.gradle.org/9.0.0/userguide/configuration_cache_requirements.html#config_cache:requirements:use_project_during_execution
- Task `:compileTestJava` of type `org.gradle.api.tasks.compile.JavaCompile`: invocation of 'Task.project' at execution time is unsupported with the configuration cache.
  See https://docs.gradle.org/9.0.0/userguide/configuration_cache_requirements.html#config_cache:requirements:use_project_during_execution
- Task `:compileTestKotlin` of type `org.jetbrains.kotlin.gradle.tasks.KotlinCompile`: invocation of 'Task.project' at execution time is unsupported with the configuration cache.
  See https://docs.gradle.org/9.0.0/userguide/configuration_cache_requirements.html#config_cache:requirements:use_project_during_execution
- Task `:jar` of type `org.gradle.api.tasks.bundling.Jar`: invocation of 'Task.project' at execution time is unsupported with the configuration cache.
  See https://docs.gradle.org/9.0.0/userguide/configuration_cache_requirements.html#config_cache:requirements:use_project_during_execution
- Task `:koverFindJar` of type `kotlinx.kover.gradle.plugin.tasks.services.KoverAgentJarTask`: invocation of 'Task.project' at execution time is unsupported with the configuration cache.
  See https://docs.gradle.org/9.0.0/userguide/configuration_cache_requirements.html#config_cache:requirements:use_project_during_execution
- Task `:processResources` of type `org.gradle.language.jvm.tasks.ProcessResources`: invocation of 'Task.project' at execution time is unsupported with the configuration cache.
  See https://docs.gradle.org/9.0.0/userguide/configuration_cache_requirements.html#config_cache:requirements:use_project_during_execution
- Task `:processTestResources` of type `org.gradle.language.jvm.tasks.ProcessResources`: invocation of 'Task.project' at execution time is unsupported with the configuration cache.
  See https://docs.gradle.org/9.0.0/userguide/configuration_cache_requirements.html#config_cache:requirements:use_project_during_execution
- Task `:test` of type `org.gradle.api.tasks.testing.Test`: invocation of 'Task.project' at execution time is unsupported with the configuration cache.
  See https://docs.gradle.org/9.0.0/userguide/configuration_cache_requirements.html#config_cache:requirements:use_project_during_execution

See the complete report at file:///Users/jburbridge/Projects/cycletime/build/reports/configuration-cache/38ddj5r4wwcv95wkba9pgz1lw/9fu73zpiy3zzi3hg736dsa4vo/configuration-cache-report.html

[Incubating] Problems report is available at: file:///Users/jburbridge/Projects/cycletime/build/reports/problems/problems-report.html

FAILURE: Build failed with an exception.

* What went wrong:
Execution failed for task ':test'.
> No tests found for given includes: [io.spiralhouse.cycletime.domain.*, io.spiralhouse.cycletime.verification.*, io.spiralhouse.cycletime.domain.*.*, io.spiralhouse.cycletime.mcp.integration.*, io.spiralhouse.cycletime.unit.*, io.spiralhouse.cycletime.domain.*.*.*](filter.includeTestsMatching) [ProjectRoutesTest, IssueRoutesTest](--tests filter)

* Try:
> Run with --stacktrace option to get the stack trace.
> Run with --info or --debug option to get more log output.
> Run with --scan to generate a Build Scan (Powered by Develocity).
> Get more help at https://help.gradle.org.

BUILD FAILED in 14s
7 actionable tasks: 3 executed, 4 up-to-date
Configuration cache entry stored with 16 problems.
